$$S_cljs$2e_core:aa
$$S_cljs$2espec$2e_alpha:ca
G__36026$jscomp$inline_795:sl
G__36027$jscomp$inline_796:tl
JSCompiler_StaticMethods_assoc_BANG_:Kf
JSCompiler_StaticMethods_cljs$core$ITransientVector$_assoc_n_BANG_$arity$3:Ue
JSCompiler_StaticMethods_sval:Id
JSCompiler_inline_result$jscomp$122:El
JSCompiler_inline_result$jscomp$123:Hl
JSCompiler_prototypeAlias:g
JSCompiler_temp_const$jscomp$115:Dl
JSCompiler_temp_const$jscomp$116:Cl
JSCompiler_temp_const$jscomp$117:Bl
JSCompiler_temp_const$jscomp$118:Al
JSCompiler_temp_const$jscomp$119:zl
JSCompiler_temp_const$jscomp$120:yl
JSCompiler_temp_const$jscomp$121:xl
L 0:a
L 1:b
L 10:n
L 11:v
L 12:x
L 13:z
L 14:E
L 15:H
L 16:J
L 17:V
L 18:ba
L 19:ha
L 2:c
L 20:za
L 21:Oa
L 22:Dh
L 3:d
L 4:e
L 5:f
L 6:h
L 7:k
L 8:l
L 9:m
cljs:ta
cljs$core:ua
cljs$core$ArrayChunk:Kd
cljs$core$ArrayNode:uf
cljs$core$ArrayNodeIterator:yf
cljs$core$ArrayNodeSeq:Ff
cljs$core$Atom:ie
cljs$core$BitmapIndexedNode:qf
cljs$core$BitmapIndexedNode$EMPTY:tf
cljs$core$Box:jf
cljs$core$ChunkBuffer:Jd
cljs$core$ChunkedCons:Ld
cljs$core$ChunkedSeq:Qe
cljs$core$Cons:Bd
cljs$core$DEMUNGE_MAP:Ma
cljs$core$DEMUNGE_PATTERN:Na
cljs$core$ES6EntriesIterator:Ye
cljs$core$ES6Iterator:pc
cljs$core$ES6SetEntriesIterator:Ze
cljs$core$EmptyList:Ad
cljs$core$Fn:Ta
cljs$core$HashCollisionNode:Cf
cljs$core$HashMapIter:Hf
cljs$core$HashSetIter:Sf
cljs$core$ICollection:Za
cljs$core$IComparable:Qb
cljs$core$ICounted:Va
cljs$core$IEmptyableCollection:Xa
cljs$core$IEncodeJS:ug
cljs$core$IFn:Ua
cljs$core$IIndexed:ab
cljs$core$IIterable:Xb
cljs$core$IKVReduce:zb
cljs$core$IList:Gb
cljs$core$ILookup:gb
cljs$core$IMap:kb
cljs$core$IMeta:ub
cljs$core$INext:eb
cljs$core$IPrintWithWriter:Ib
cljs$core$IRecord:Hb
cljs$core$IReduce:xb
cljs$core$ISeq:cb
cljs$core$ISeqable:Db
cljs$core$ISequential:Fb
cljs$core$ISet:ob
cljs$core$ITER_SYMBOL:La
cljs$core$IVector:sb
cljs$core$IndexedSeq:I
cljs$core$IndexedSeqIterator:Gc
cljs$core$KeySeq:Mf
cljs$core$Keyword:F
cljs$core$LazySeq:Hd
cljs$core$List:Nc
cljs$core$List$EMPTY:oc
cljs$core$MapEntry:Ee
cljs$core$MetaFn:Sc
cljs$core$NeverEquiv:Ve
cljs$core$NodeIterator:pf
cljs$core$NodeSeq:Df
cljs$core$PROTOCOL_SENTINEL:q
cljs$core$PersistentArrayMap:r
cljs$core$PersistentArrayMap$EMPTY:de
cljs$core$PersistentArrayMap$HASHMAP_THRESHOLD:ff
cljs$core$PersistentArrayMap$createAsIfByAssoc:Pc
cljs$core$PersistentArrayMapIterator:bf
cljs$core$PersistentArrayMapSeq:af
cljs$core$PersistentHashMap:If
cljs$core$PersistentHashMap$EMPTY:gf
cljs$core$PersistentHashSet:Tf
cljs$core$PersistentHashSet$EMPTY:Vf
cljs$core$PersistentVector:X
cljs$core$PersistentVector$EMPTY:Mc
cljs$core$PersistentVector$EMPTY_NODE:Y
cljs$core$PersistentVector$fromArray:Ke
cljs$core$RangedIterator:Be
cljs$core$Reduced:wc
cljs$core$Repeat:ne
cljs$core$StringBufferWriter:Zb
cljs$core$Symbol:C
cljs$core$TransientArrayMap:ef
cljs$core$TransientHashMap:Jf
cljs$core$TransientHashSet:Uf
cljs$core$TransientVector:Fe
cljs$core$UUID:zg
cljs$core$ValSeq:Nf
cljs$core$VectorNode:re
cljs$core$_EQ_:N
cljs$core$_PLUS_:xd
cljs$core$_STAR_eval_STAR_:Eg
cljs$core$_STAR_loaded_libs_STAR_:Aa
cljs$core$_STAR_print_err_fn_STAR_:xa
cljs$core$_STAR_print_fn_STAR_:wa
cljs$core$_STAR_print_level_STAR_:ya
cljs$core$_add_watch:Kb
cljs$core$_as_transient:Mb
cljs$core$_assoc:ib
cljs$core$_assoc_BANG_:Pb
cljs$core$_chunked_first:Tb
cljs$core$_chunked_rest:Ub
cljs$core$_clj__GT_js:vg
cljs$core$_compare:Rb
cljs$core$_conj:$a
cljs$core$_conj_BANG_:Nb
cljs$core$_count:Wa
cljs$core$_deref:tb
cljs$core$_disjoin:pb
cljs$core$_dissoc:lb
cljs$core$_drop_first:Sb
cljs$core$_empty:Ya
cljs$core$_equiv:Bb
cljs$core$_find:jb
cljs$core$_first:A
cljs$core$_hash:Cb
cljs$core$_indexOf$cljs$0core$0IFn$0_invoke$0arity$03:O
cljs$core$_iterator:Yb
cljs$core$_key:mb
cljs$core$_kv_reduce:Ab
cljs$core$_lastIndexOf$cljs$0core$0IFn$0_invoke$0arity$03:Q
cljs$core$_lookup:hb
cljs$core$_meta:vb
cljs$core$_next:fb
cljs$core$_nth:bb
cljs$core$_peek:qb
cljs$core$_persistent_BANG_:Ob
cljs$core$_pop:rb
cljs$core$_pr_writer:Jb
cljs$core$_reduce:yb
cljs$core$_remove_watch:Lb
cljs$core$_reset_BANG_:Vb
cljs$core$_rest:db
cljs$core$_seq:Eb
cljs$core$_swap_BANG_:Wb
cljs$core$_val:nb
cljs$core$_with_meta:wb
cljs$core$_write:B
cljs$core$aclone:Pa
cljs$core$apply:Tc
cljs$core$apply$cljs$0core$0IFn$0_invoke$0arity$02:Yd
cljs$core$apply$cljs$0core$0IFn$0_invoke$0arity$03:Zd
cljs$core$apply$cljs$0core$0IFn$0_invoke$0arity$05:$d
cljs$core$apply$cljs$0core$0IFn$0_invoke$0arity$0variadic:ae
cljs$core$apply_to:Sd
cljs$core$apply_to_simple$cljs$0core$0IFn$0_invoke$0arity$03:Ud
cljs$core$apply_to_simple$cljs$0core$0IFn$0_invoke$0arity$04:Vd
cljs$core$apply_to_simple$cljs$0core$0IFn$0_invoke$0arity$05:Wd
cljs$core$apply_to_simple$cljs$0core$0IFn$0_invoke$0arity$06:Xd
cljs$core$array_QMARK_:Ia
cljs$core$array__GT_transient_hash_map:hf
cljs$core$array_copy:ed
cljs$core$array_for:ye
cljs$core$array_index_of:$e
cljs$core$array_reduce$cljs$0core$0IFn$0_invoke$0arity$02:zc
cljs$core$array_reduce$cljs$0core$0IFn$0_invoke$0arity$03:Ac
cljs$core$array_reduce$cljs$0core$0IFn$0_invoke$0arity$04:Bc
cljs$core$assoc:T
cljs$core$bit_count:zd
cljs$core$boolean$0:hd
cljs$core$bounded_count:Od
cljs$core$butlast:Xf
cljs$core$char_escapes:eg
cljs$core$chunk_append:Nd
cljs$core$chunk_cons:Md
cljs$core$chunked_seq:Je
cljs$core$chunked_seq$cljs$0core$0IFn$0_invoke$0arity$04:Ie
cljs$core$chunked_seq$cljs$0core$0IFn$0_invoke$0arity$05:Re
cljs$core$chunked_seq_QMARK_:dd
cljs$core$clj__GT_js:xg
cljs$core$clone_and_set$cljs$0core$0IFn$0_invoke$0arity$03:lf
cljs$core$coll_QMARK_:Yc
cljs$core$compare:kd
cljs$core$compare_indexed$cljs$0core$0IFn$0_invoke$0arity$02:ld
cljs$core$compare_keywords:Cd
cljs$core$compare_symbols:kc
cljs$core$concat:Qd
cljs$core$conj:Lc
cljs$core$conj_BANG_:Rd
cljs$core$cons:R
cljs$core$contains_QMARK_:jd
cljs$core$count:P
cljs$core$counted_QMARK_:Cc
cljs$core$create_array_node_seq:Af
cljs$core$create_array_node_seq$cljs$0core$0IFn$0_invoke$0arity$01:zf
cljs$core$create_array_node_seq$cljs$0core$0IFn$0_invoke$0arity$03:Gf
cljs$core$create_inode_seq:sf
cljs$core$create_inode_seq$cljs$0core$0IFn$0_invoke$0arity$01:rf
cljs$core$create_inode_seq$cljs$0core$0IFn$0_invoke$0arity$03:Ef
cljs$core$create_node:wf
cljs$core$create_node$cljs$0core$0IFn$0_invoke$0arity$06:xf
cljs$core$create_node$cljs$0core$0IFn$0_invoke$0arity$07:vf
cljs$core$demunge:Cg
cljs$core$demunge_pattern:Bg
cljs$core$deref:yc
cljs$core$disj:Wc
cljs$core$dissoc:Qc
cljs$core$do_assoc:ze
cljs$core$drop$cljs$0core$0IFn$0_invoke$0arity$02:le
cljs$core$drop_last$cljs$0core$0IFn$0_invoke$0arity$02:me
cljs$core$edit_and_set$cljs$0core$0IFn$0_invoke$0arity$04:nf
cljs$core$empty_QMARK_:Xc
cljs$core$empty_ordered_hash:sc
cljs$core$empty_unordered_hash:uc
cljs$core$enable_console_print_BANG_:Ha
cljs$core$equiv_map:Xe
cljs$core$equiv_sequential:Hc
cljs$core$es6_iterator:qc
cljs$core$every_QMARK_:fe
cljs$core$filter$cljs$0core$0IFn$0_invoke$0arity$02:oe
cljs$core$first:K
cljs$core$fn_QMARK_:Rc
cljs$core$fn__GT_comparator:md
cljs$core$gensym$cljs$0core$0IFn$0_invoke$0arity$01:tg
cljs$core$gensym_counter:sg
cljs$core$get:D
cljs$core$hash:ic
cljs$core$hash_collision_node_find_index:Bf
cljs$core$hash_combine:jc
cljs$core$hash_map:Lf
cljs$core$hash_ordered_coll:rc
cljs$core$hash_string:hc
cljs$core$hash_unordered_coll:tc
cljs$core$ident_QMARK_:Fd
cljs$core$identity:vd
cljs$core$ifn_QMARK_:id
cljs$core$imul:ac
cljs$core$inc:vc
cljs$core$indexed_QMARK_:Dc
cljs$core$inode_kv_reduce:of
cljs$core$into:pe
cljs$core$into_array$cljs$0core$0IFn$0_invoke$0arity$02:Qa
cljs$core$iter_reduce$cljs$0core$0IFn$0_invoke$0arity$02:rd
cljs$core$iter_reduce$cljs$0core$0IFn$0_invoke$0arity$03:sd
cljs$core$iterable_QMARK_:mc
cljs$core$juxt$cljs$0core$0IFn$0_invoke$0arity$02:Yf
cljs$core$keep$cljs$0core$0IFn$0_invoke$0arity$02:he
cljs$core$key:Ne
cljs$core$key__GT_js$cljs$0core$0IFn$0_invoke$0arity$02:wg
cljs$core$key_test:kf
cljs$core$keys:cf
cljs$core$keyword:Gd
cljs$core$keyword_identical_QMARK_:Dd
cljs$core$last:Kc
cljs$core$lift_ns:pg
cljs$core$linear_traversal_nth$cljs$0core$0IFn$0_invoke$0arity$03:Oc
cljs$core$list:U
cljs$core$lookup_sentinel:fd
cljs$core$m3_fmix:dc
cljs$core$m3_hash_unencoded_chars:ec
cljs$core$m3_mix_H1:cc
cljs$core$m3_mix_K1:bc
cljs$core$map:Z
cljs$core$map_QMARK_:ad
cljs$core$map_entry_QMARK_:Me
cljs$core$merge:Of
cljs$core$meta:Vc
cljs$core$missing_protocol:w
cljs$core$name:W
cljs$core$namespace:Ed
cljs$core$native_satisfies_QMARK_:u
cljs$core$never_equiv:We
cljs$core$new_path:ve
cljs$core$next:M
cljs$core$next_STAR_:Td
cljs$core$nil_iter:be
cljs$core$not:Ja
cljs$core$nth:Fc
cljs$core$nth$cljs$0core$0IFn$0_invoke$0arity$02:Ec
cljs$core$nth$cljs$0core$0IFn$0_invoke$0arity$03:S
cljs$core$pop_tail:Ae
cljs$core$pr_opts:Ba
cljs$core$pr_sb_with_opts:mg
cljs$core$pr_sequential_writer:bg
cljs$core$pr_str_STAR_:$b
cljs$core$pr_str_with_opts:ng
cljs$core$pr_writer:ig
cljs$core$pr_writer_impl:hg
cljs$core$prim_seq$cljs$0core$0IFn$0_invoke$0arity$02:Ic
cljs$core$print_map:jg
cljs$core$print_meta_QMARK_:gg
cljs$core$print_prefix_map:qg
cljs$core$push_tail:we
cljs$core$pv_clone_node:te
cljs$core$pv_fresh_node:se
cljs$core$pv_reduce$cljs$0core$0IFn$0_invoke$0arity$04:Ce
cljs$core$pv_reduce$cljs$0core$0IFn$0_invoke$0arity$05:De
cljs$core$quot:yd
cljs$core$quote_string:fg
cljs$core$random_uuid:Ag
cljs$core$re_matches:Zf
cljs$core$re_seq:ag
cljs$core$re_seq_STAR_:$f
cljs$core$record_QMARK_:bd
cljs$core$reduce:Sa
cljs$core$reduce$cljs$0core$0IFn$0_invoke$0arity$02:td
cljs$core$reduce$cljs$0core$0IFn$0_invoke$0arity$03:Ra
cljs$core$reduce_kv:ud
cljs$core$reduced_QMARK_:xc
cljs$core$remove_pair:mf
cljs$core$reset_BANG_:je
cljs$core$rest:nc
cljs$core$second:Jc
cljs$core$select_keys:Pf
cljs$core$seq:G
cljs$core$seq_QMARK_:gd
cljs$core$seq_reduce$cljs$0core$0IFn$0_invoke$0arity$02:pd
cljs$core$seq_reduce$cljs$0core$0IFn$0_invoke$0arity$03:qd
cljs$core$sequence$cljs$0core$0IFn$0_invoke$0arity$01:ee
cljs$core$sequential_QMARK_:$c
cljs$core$set:Wf
cljs$core$set_QMARK_:Zc
cljs$core$some:ge
cljs$core$sort$cljs$0core$0IFn$0_invoke$0arity$02:nd
cljs$core$spread:Pd
cljs$core$str:y
cljs$core$string_hash_cache:fc
cljs$core$string_hash_cache_count:gc
cljs$core$strip_ns:og
cljs$core$swap_BANG_:ke
cljs$core$symbol:lc
cljs$core$t_cljs$0core33220:va
cljs$core$tail_off:ue
cljs$core$tapset:Dg
cljs$core$to_array:od
cljs$core$transduce$cljs$0core$0IFn$0_invoke$0arity$04:wd
cljs$core$truth_:t
cljs$core$tv_editable_root:Ge
cljs$core$tv_editable_tail:He
cljs$core$tv_ensure_editable:Se
cljs$core$tv_push_tail:Te
cljs$core$type__GT_str:Ka
cljs$core$unchecked_array_for:xe
cljs$core$update_in:qe
cljs$core$val:Oe
cljs$core$vals:df
cljs$core$vec:Le
cljs$core$vector:Pe
cljs$core$vector_QMARK_:cd
cljs$core$with_meta:Uc
cljs$core$write_all$cljs$0core$0IFn$0_invoke$0arity$0variadic:dg
cljs$cst$keyword$_LT__GT_:fh
cljs$cst$keyword$alt_DASH_impl:kg
cljs$cst$keyword$amp:Wh
cljs$cst$keyword$auto_DASH_run:Mg
cljs$cst$keyword$button:Lg
cljs$cst$keyword$childContextTypes:Ug
cljs$cst$keyword$class:Rh
cljs$cst$keyword$cljsLegacyRender:Th
cljs$cst$keyword$cljs_DOT_core_SLASH_not_DASH_found:Rf
cljs$cst$keyword$cljs_DOT_spec_DOT_alpha_SLASH_accept:Sg
cljs$cst$keyword$cljs_DOT_spec_DOT_alpha_SLASH_alt:Vg
cljs$cst$keyword$cljs_DOT_spec_DOT_alpha_SLASH_amp:Rg
cljs$cst$keyword$cljs_DOT_spec_DOT_alpha_SLASH_gfn:Lh
cljs$cst$keyword$cljs_DOT_spec_DOT_alpha_SLASH_invalid:ni
cljs$cst$keyword$cljs_DOT_spec_DOT_alpha_SLASH_k:hi
cljs$cst$keyword$cljs_DOT_spec_DOT_alpha_SLASH_kvs_DASH__GT_map:Og
cljs$cst$keyword$cljs_DOT_spec_DOT_alpha_SLASH_name:oh
cljs$cst$keyword$cljs_DOT_spec_DOT_alpha_SLASH_nil:Zg
cljs$cst$keyword$cljs_DOT_spec_DOT_alpha_SLASH_op:Eh
cljs$cst$keyword$cljs_DOT_spec_DOT_alpha_SLASH_pcat:oi
cljs$cst$keyword$cljs_DOT_spec_DOT_alpha_SLASH_rep:$h
cljs$cst$keyword$cljs_DOT_spec_DOT_alpha_SLASH_unknown:pi
cljs$cst$keyword$cljs_DOT_spec_DOT_alpha_SLASH_v:ei
cljs$cst$keyword$cols:ih
cljs$cst$keyword$command:mh
cljs$cst$keyword$componentWillUnmount:ph
cljs$cst$keyword$component_DASH_did_DASH_update:ci
cljs$cst$keyword$component_DASH_will_DASH_unmount:yh
cljs$cst$keyword$constructor:Tg
cljs$cst$keyword$contextType:qh
cljs$cst$keyword$contextTypes:qi
cljs$cst$keyword$d:nh
cljs$cst$keyword$displayName:Kh
cljs$cst$keyword$display_DASH_name:vh
cljs$cst$keyword$div:th
cljs$cst$keyword$dup:Fa
cljs$cst$keyword$error:rh
cljs$cst$keyword$fallback_DASH_impl:lg
cljs$cst$keyword$fill:si
cljs$cst$keyword$flush_DASH_on_DASH_newline:Ca
cljs$cst$keyword$forms:di
cljs$cst$keyword$getDerivedStateFromError:Oh
cljs$cst$keyword$getDerivedStateFromProps:sh
cljs$cst$keyword$getInitialState:ah
cljs$cst$keyword$h1:ai
cljs$cst$keyword$id:ti
cljs$cst$keyword$key:gi
cljs$cst$keyword$keyword_DASH_fn:yg
cljs$cst$keyword$ks:Qg
cljs$cst$keyword$margin:gh
cljs$cst$keyword$meta:Ea
cljs$cst$keyword$more_DASH_marker:cg
cljs$cst$keyword$name:Vh
cljs$cst$keyword$no_DASH_cache:eh
cljs$cst$keyword$on_DASH_change:Jg
cljs$cst$keyword$on_DASH_click:Yg
cljs$cst$keyword$on_DASH_dispose:Ng
cljs$cst$keyword$on_DASH_set:Yh
cljs$cst$keyword$on_DASH_write:fi
cljs$cst$keyword$p1:Hg
cljs$cst$keyword$p2:Gg
cljs$cst$keyword$params:wi
cljs$cst$keyword$parse_DASH_svg_DASH_path_DOT_main_SLASH_path:ki
cljs$cst$keyword$path:ch
cljs$cst$keyword$print_DASH_length:Ga
cljs$cst$keyword$ps:bh
cljs$cst$keyword$readably:Da
cljs$cst$keyword$reagentRender:Uh
cljs$cst$keyword$reagent_DASH_render:kh
cljs$cst$keyword$render:Kg
cljs$cst$keyword$rep_PLUS_:vi
cljs$cst$keyword$ret:wh
cljs$cst$keyword$rows:Jh
cljs$cst$keyword$segment:Mh
cljs$cst$keyword$shouldComponentUpdate:ri
cljs$cst$keyword$splice:Sh
cljs$cst$keyword$style:Bh
cljs$cst$keyword$svg:ii
cljs$cst$keyword$textarea:bi
cljs$cst$keyword$transform:Xg
cljs$cst$keyword$val:rg
cljs$cst$keyword$validator:mi
cljs$cst$keyword$value:uh
cljs$cst$keyword$view_DASH_box:Ph
cljs$cst$keyword$warn:Xh
cljs$cst$keyword$width:xh
cljs$cst$symbol$_PERCENT_:li
cljs$cst$symbol$cljs_DOT_core_SLASH_fn:Wg
cljs$cst$symbol$cljs_DOT_core_SLASH_map:Zh
cljs$cst$symbol$cljs_DOT_core_SLASH_set:Hh
cljs$cst$symbol$cljs_DOT_core_SLASH_zipmap:Ig
cljs$cst$symbol$cljs_DOT_spec_DOT_alpha_SLASH__PLUS_:ji
cljs$cst$symbol$cljs_DOT_spec_DOT_alpha_SLASH__STAR_:zh
cljs$cst$symbol$cljs_DOT_spec_DOT_alpha_SLASH_cat:jh
cljs$cst$symbol$cljs_DOT_spec_DOT_alpha_SLASH_conformer:Ah
cljs$cst$symbol$cpred_QMARK_:$g
cljs$cst$symbol$fn_STAR_:Pg
cljs$cst$symbol$form:dh
cljs$cst$symbol$gfn:Nh
cljs$cst$symbol$k:Gh
cljs$cst$symbol$meta33221:ce
cljs$cst$symbol$meta35465:Fg
cljs$cst$symbol$meta35980:hh
cljs$cst$symbol$p1__36019_SHARP_:Fh
cljs$cst$symbol$p1__36020_SHARP_:Qh
cljs$cst$symbol$pred:lh
cljs$cst$symbol$re:Ih
cljs$cst$symbol$unc:ui
cljs$cst$symbol$v:Ch
cljs$spec:xi
cljs$spec$alpha:Di
cljs$spec$alpha$_STAR_compile_asserts_STAR_:nj
cljs$spec$alpha$_STAR_runtime_asserts_STAR_:oj
cljs$spec$alpha$accept:aj
cljs$spec$alpha$accept_QMARK_:bj
cljs$spec$alpha$accept_nil_QMARK_:ij
cljs$spec$alpha$add_ret:kj
cljs$spec$alpha$alt2:hj
cljs$spec$alpha$alt_STAR_:gj
cljs$spec$alpha$and_preds:$i
cljs$spec$alpha$cat_impl:dj
cljs$spec$alpha$conform:Wi
cljs$spec$alpha$conform_STAR_:Gi
cljs$spec$alpha$def_impl:Yi
cljs$spec$alpha$deriv:lj
cljs$spec$alpha$dt$cljs$0core$0IFn$0_invoke$0arity$04:Zi
cljs$spec$alpha$filter_alt:fj
cljs$spec$alpha$fn_sym:Si
cljs$spec$alpha$maybe_spec:Pi
cljs$spec$alpha$pcat_STAR_:cj
cljs$spec$alpha$preturn:jj
cljs$spec$alpha$re_conform:mj
cljs$spec$alpha$reg_resolve:Ji
cljs$spec$alpha$reg_resolve_BANG_:Ki
cljs$spec$alpha$regex_QMARK_:Mi
cljs$spec$alpha$regex_spec_impl:Qi
cljs$spec$alpha$registry_ref:Ii
cljs$spec$alpha$rep_STAR_:ej
cljs$spec$alpha$spec_QMARK_:Li
cljs$spec$alpha$spec_impl$cljs$0core$0IFn$0_invoke$0arity$05:Ui
cljs$spec$alpha$spec_name:Oi
cljs$spec$alpha$specize:Vi
cljs$spec$alpha$specize_STAR_:Ti
cljs$spec$alpha$t_cljs$0spec$0alpha35464:Ei
cljs$spec$alpha$t_cljs$0spec$0alpha35979:Fi
cljs$spec$alpha$the_spec:Ri
cljs$spec$alpha$with_gen:Xi
cljs$spec$alpha$with_gen_STAR_:Hi
cljs$spec$alpha$with_name:Ni
clojure$set$difference:Sj
clojure$string$join$cljs$0core$0IFn$0_invoke$0arity$02:Bi
clojure$string$replace:Ai
clojure$string$replace_all:yi
clojure$string$replace_with:zi
clojure$string$split$cljs$0core$0IFn$0_invoke$0arity$03:Ci
cur$jscomp$inline_1022:Ql
form$jscomp$inline_798:Fl
goog$UID_PROPERTY_:fa
goog$array$defaultCompare:la
goog$array$sort:ka
goog$array$stableSort:ma
goog$array$toArray:ja
goog$getUid:ea
goog$global:da
goog$object$PROTOTYPE_FIELDS_:pa
goog$object$extend:qa
goog$object$get:oa
goog$object$getKeys:na
goog$string$StringBuffer:sa
goog$string$internal$isEmptyOrWhitespace:ra
goog$typeOf:p
goog$uidCounter_:ia
i$jscomp$inline_793:ql
ks$jscomp$inline_790:nl
len$jscomp$inline_792:pl
module$node_modules$react$index:tj
module$node_modules$react_dom$index:el
opt_object$jscomp$inline_1019:Ol
out$jscomp$inline_794:rl
p$jscomp$inline_799:Gl
p$jscomp$inline_802:Il
parse_svg_path:ll
parse_svg_path$latex$l:ml
parse_svg_path$main:ul
parse_svg_path$main$app:kl
parse_svg_path$main$button:Ml
parse_svg_path$main$latex_num:Nl
parse_svg_path$main$parse_params:Jl
parse_svg_path$main$path:vl
parse_svg_path$main$textbox:wl
parse_svg_path$main$valid_path_QMARK_:Ll
parse_svg_path$main$valid_segment_QMARK_:Kl
part$jscomp$inline_1023:Rl
parts$jscomp$inline_1021:Pl
reagent:uj
reagent$debug:vj
reagent$debug$track_console:xj
reagent$debug$warnings:wj
reagent$dom:fl
reagent$dom$imported:gl
reagent$dom$render$cljs$0core$0IFn$0_invoke$0arity$03:jl
reagent$dom$render_comp:il
reagent$dom$roots:hl
reagent$impl:yj
reagent$impl$batching:Hj
reagent$impl$batching$RenderQueue:Pj
reagent$impl$batching$compare_mount_order:Lj
reagent$impl$batching$enqueue:Oj
reagent$impl$batching$fake_raf:Jj
reagent$impl$batching$mount_count:Ij
reagent$impl$batching$next_tick:Kj
reagent$impl$batching$queue_render:Rj
reagent$impl$batching$ratom_flush:Mj
reagent$impl$batching$render_queue:Qj
reagent$impl$batching$run_funs:Nj
reagent$impl$component:qk
reagent$impl$component$_STAR_current_component_STAR_:rk
reagent$impl$component$as_element:uk
reagent$impl$component$built_in_static_method_names:Qf
reagent$impl$component$camelify_map_keys:Bk
reagent$impl$component$create_class:Ek
reagent$impl$component$custom_wrapper:xk
reagent$impl$component$dash_to_method_name:Ak
reagent$impl$component$get_wrapper:yk
reagent$impl$component$map_to_js:Dk
reagent$impl$component$obligatory:zk
reagent$impl$component$props_argv:sk
reagent$impl$component$rat_opts:pk
reagent$impl$component$reagent_class_QMARK_:tk
reagent$impl$component$static_fns:wk
reagent$impl$component$wrap_funs:Ck
reagent$impl$component$wrap_render:vk
reagent$impl$template:Fk
reagent$impl$template$HiccupTag:Xk
reagent$impl$template$as_element:bl
reagent$impl$template$cache_get:Ik
reagent$impl$template$convert_custom_prop_value:Nk
reagent$impl$template$convert_prop_value:Kk
reagent$impl$template$custom_kv_conv:Mk
reagent$impl$template$custom_prop_name_cache:Lk
reagent$impl$template$expand_seq:dl
reagent$impl$template$find_dom_node:Ok
reagent$impl$template$get_key:Yk
reagent$impl$template$input_component_set_value:Rk
reagent$impl$template$input_handle_change:Sk
reagent$impl$template$input_node_set_value:Qk
reagent$impl$template$input_render_setup:Tk
reagent$impl$template$input_spec:Wk
reagent$impl$template$key_from_vec:Zk
reagent$impl$template$kv_conv:Jk
reagent$impl$template$make_element:Vk
reagent$impl$template$native_element:al
reagent$impl$template$prop_name_cache:Hk
reagent$impl$template$re_tag:Gk
reagent$impl$template$reagent_input_class:Uk
reagent$impl$template$tag_name_cache:$k
reagent$impl$template$these_inputs_have_selection_api:Pk
reagent$impl$template$vec_to_elem:cl
reagent$impl$util$_STAR_always_update_STAR_:Gj
reagent$impl$util$capitalize:Bj
reagent$impl$util$class_names:Fj
reagent$impl$util$dash_to_prop_name:Cj
reagent$impl$util$dont_camel_case:Aj
reagent$impl$util$fun_name:Dj
reagent$impl$util$is_client:zj
reagent$impl$util$named_QMARK_:Ej
reagent$ratom:Tj
reagent$ratom$RAtom:hk
reagent$ratom$Reaction:lk
reagent$ratom$_STAR_ratom_context_STAR_:Uj
reagent$ratom$_running:Xj
reagent$ratom$add_w:bk
reagent$ratom$atom:ik
reagent$ratom$check_watches:ak
reagent$ratom$debug:Vj
reagent$ratom$deref_capture:Yj
reagent$ratom$dispose_BANG_:jk
reagent$ratom$flush_BANG_:gk
reagent$ratom$generation:Wj
reagent$ratom$handle_reaction_change:kk
reagent$ratom$make_reaction:mk
reagent$ratom$notify_deref_watcher_BANG_:Zj
reagent$ratom$notify_w:dk
reagent$ratom$pr_atom:ek
reagent$ratom$rea_queue:fk
reagent$ratom$remove_w:ck
reagent$ratom$run_in_reaction:ok
reagent$ratom$temp_reaction:nk
shadow$js$files:pj
shadow$js$jsRequire:sj
shadow$js$nativeRequires:qj
shadow$js$requireStack:rj
vs$jscomp$inline_791:ol
