__hash:m
_hash:Ya
_meta:sa
afn:l
afterRender:vb
arr:c
auto_run:ta
beforeFlush:wb
bitmap:F
buf:Gb
buffer_:Ba
caught:Hb
chunk:ka
cljs$core$Fn$:sc
cljs$core$IAssociative$:Oc
cljs$core$IAssociative$_assoc$arity$3:za
cljs$core$IChunk$_drop_first$arity$1:bc
cljs$core$IChunkedNext$_chunked_next$arity$1:cc
cljs$core$IChunkedSeq$:Pc
cljs$core$IChunkedSeq$_chunked_first$arity$1:Ib
cljs$core$IChunkedSeq$_chunked_rest$arity$1:xb
cljs$core$ICollection$:Qc
cljs$core$ICollection$_conj$arity$2:R
cljs$core$IComparable$:hb
cljs$core$IComparable$_compare$arity$2:Ca
cljs$core$ICounted$:tc
cljs$core$ICounted$_count$arity$1:S
cljs$core$IDeref$_deref$arity$1:Za
cljs$core$IEditableCollection$:uc
cljs$core$IEditableCollection$_as_transient$arity$1:$a
cljs$core$IEmptyableCollection$:vc
cljs$core$IEmptyableCollection$_empty$arity$1:P
cljs$core$IEncodeJS$:wc
cljs$core$IEncodeJS$_clj__GT_js$arity$1:xc
cljs$core$IEquiv$_equiv$arity$2:H
cljs$core$IFind$_find$arity$2:ib
cljs$core$IFn$:Rc
cljs$core$IFn$_invoke$arity$0:o
cljs$core$IFn$_invoke$arity$1:a
cljs$core$IFn$_invoke$arity$10:Da
cljs$core$IFn$_invoke$arity$11:Ea
cljs$core$IFn$_invoke$arity$12:Fa
cljs$core$IFn$_invoke$arity$13:Ga
cljs$core$IFn$_invoke$arity$14:Ha
cljs$core$IFn$_invoke$arity$15:Ia
cljs$core$IFn$_invoke$arity$16:Ja
cljs$core$IFn$_invoke$arity$17:Ka
cljs$core$IFn$_invoke$arity$18:La
cljs$core$IFn$_invoke$arity$19:Ma
cljs$core$IFn$_invoke$arity$2:b
cljs$core$IFn$_invoke$arity$20:Na
cljs$core$IFn$_invoke$arity$22:yc
cljs$core$IFn$_invoke$arity$3:f
cljs$core$IFn$_invoke$arity$4:u
cljs$core$IFn$_invoke$arity$5:W
cljs$core$IFn$_invoke$arity$6:ua
cljs$core$IFn$_invoke$arity$7:Oa
cljs$core$IFn$_invoke$arity$8:Pa
cljs$core$IFn$_invoke$arity$9:Qa
cljs$core$IFn$_invoke$arity$variadic:i
cljs$core$IHash$:Sc
cljs$core$IHash$_hash$arity$1:I
cljs$core$IIndexed$:dc
cljs$core$IIndexed$_nth$arity$2:M
cljs$core$IIndexed$_nth$arity$3:ia
cljs$core$IIterable$:Tc
cljs$core$IIterable$_iterator$arity$1:la
cljs$core$IKVReduce$:Uc
cljs$core$IKVReduce$_kv_reduce$arity$3:yb
cljs$core$IList$:Vc
cljs$core$ILookup$:zc
cljs$core$ILookup$_lookup$arity$2:ga
cljs$core$ILookup$_lookup$arity$3:G
cljs$core$IMap$:Wc
cljs$core$IMap$_dissoc$arity$2:Jb
cljs$core$IMapEntry$:Xc
cljs$core$IMapEntry$_key$arity$1:Ac
cljs$core$IMapEntry$_val$arity$1:Bc
cljs$core$IMeta$:Kb
cljs$core$IMeta$_meta$arity$1:J
cljs$core$INamed$:ec
cljs$core$INext$:jb
cljs$core$INext$_next$arity$1:T
cljs$core$IPrintWithWriter$:U
cljs$core$IPrintWithWriter$_pr_writer$arity$3:K
cljs$core$IRecord$:Yc
cljs$core$IReduce$:Cc
cljs$core$IReduce$_reduce$arity$2:Z
cljs$core$IReduce$_reduce$arity$3:$
cljs$core$IReset$_reset_BANG_$arity$2:ma
cljs$core$ISeq$:ca
cljs$core$ISeq$_first$arity$1:da
cljs$core$ISeq$_rest$arity$1:ea
cljs$core$ISeqable$:Dc
cljs$core$ISeqable$_seq$arity$1:O
cljs$core$ISequential$:fc
cljs$core$ISet$:Zc
cljs$core$ISet$_disjoin$arity$2:gc
cljs$core$IStack$_peek$arity$1:kb
cljs$core$IStack$_pop$arity$1:lb
cljs$core$ISwap$_swap_BANG_$arity$2:Lb
cljs$core$ISwap$_swap_BANG_$arity$3:Mb
cljs$core$ISwap$_swap_BANG_$arity$4:Nb
cljs$core$ISwap$_swap_BANG_$arity$5:Ob
cljs$core$ITransientAssociative$_assoc_BANG_$arity$3:ab
cljs$core$ITransientCollection$_conj_BANG_$arity$2:bb
cljs$core$ITransientCollection$_persistent_BANG_$arity$1:mb
cljs$core$IVector$:$c
cljs$core$IVector$_assoc_n$arity$3:Pb
cljs$core$IWatchable$_add_watch$arity$3:zb
cljs$core$IWatchable$_notify_watches$arity$3:Qb
cljs$core$IWatchable$_remove_watch$arity$2:Ab
cljs$core$IWithMeta$_with_meta$arity$2:N
cljs$core$IWriter$_write$arity$2:hc
cljs$lang$applyTo:A
cljs$lang$ctorPrWriter:Bb
cljs$lang$ctorStr:Ra
cljs$lang$maxFixedArity:w
cljs$lang$protocol_mask$partition$:ic
cljs$lang$protocol_mask$partition0$:g
cljs$lang$protocol_mask$partition1$:s
cljs$lang$type:nb
cljs$spec$alpha$Spec$:jc
cljs$spec$alpha$Spec$conform_STAR_$arity$2:Rb
cljs$spec$alpha$Spec$with_gen_STAR_$arity$2:Sb
cljs$spec$alpha$Specize$specize_STAR_$arity$1:cb
cljs$spec$alpha$Specize$specize_STAR_$arity$2:eb
cljsDOMValue:Cb
cljsInputDirty:kc
cljsInputLive:Tb
cljsLegacyRender:Ec
cljsMountOrder:lc
cljsReactClass:mc
cljsRenderedValue:Fc
cljsState:Gc
cnt:h
collision_hash:wa
componentQueue:Db
cpred_QMARK_:Ub
custom:Hc
dirty_QMARK_:Aa
edit:D
editable_QMARK_:fb
ensure_editable:Sa
f:gb
fn:ob
fqn:ja
getBasis:nc
gfn:Vb
hasNext:aa
has_nil_QMARK_:ba
hash_map:xa
i:j
inode_assoc:na
inode_assoc_BANG_:oa
inode_find:pb
inode_lookup:Ta
inode_seq:qb
inode_without:rb
iter:Wb
kv_reduce:sb
len:Ua
meta33221:Ic
meta35465:Jc
meta35980:Kc
more:pa
mseq:C
next_entry:tb
next_iter:qa
nil_val:X
nocache_QMARK_:oc
nodes:ra
ns:fa
off:V
on_dispose:pc
on_dispose_arr:ad
on_set:Lc
pred:ub
re:Eb
reagent$ratom$IDisposable$dispose_BANG_$arity$1:Xb
reagentRender:Yb
rest:ya
root_iter:qc
s:B
sb:Mc
scheduled_QMARK_:Fb
seen:Zb
str:va
transient_map:Va
unc:rc
unicode:bd
uuid:Wa
v:Nc
val:v
validator:$b
vec:ha
watches:Y
watchesArr:ac
watching:Xa
